Archive member included to satisfy reference by file (symbol)

c:/siliconlabs/simplicitystudio/v4/developer/toolchains/gnu_arm/7.2_2017q4/bin/../lib/gcc/arm-none-eabi/7.2.1/thumb/v7-m\libgcc.a(_arm_addsubsf3.o)
                              build/vddcheck.o (__aeabi_fsub)
c:/siliconlabs/simplicitystudio/v4/developer/toolchains/gnu_arm/7.2_2017q4/bin/../lib/gcc/arm-none-eabi/7.2.1/thumb/v7-m\libgcc.a(_arm_muldivsf3.o)
                              build/vddcheck.o (__aeabi_fdiv)
c:/siliconlabs/simplicitystudio/v4/developer/toolchains/gnu_arm/7.2_2017q4/bin/../lib/gcc/arm-none-eabi/7.2.1/thumb/v7-m\libgcc.a(_arm_fixunssfsi.o)
                              build/vddcheck.o (__aeabi_f2uiz)
c:/siliconlabs/simplicitystudio/v4/developer/toolchains/gnu_arm/7.2_2017q4/bin/../lib/gcc/arm-none-eabi/7.2.1/thumb/v7-m\libgcc.a(_aeabi_uldivmod.o)
                              build/em_usart.o (__aeabi_uldivmod)
c:/siliconlabs/simplicitystudio/v4/developer/toolchains/gnu_arm/7.2_2017q4/bin/../lib/gcc/arm-none-eabi/7.2.1/thumb/v7-m\libgcc.a(_udivmoddi4.o)
                              c:/siliconlabs/simplicitystudio/v4/developer/toolchains/gnu_arm/7.2_2017q4/bin/../lib/gcc/arm-none-eabi/7.2.1/thumb/v7-m\libgcc.a(_aeabi_uldivmod.o) (__udivmoddi4)
c:/siliconlabs/simplicitystudio/v4/developer/toolchains/gnu_arm/7.2_2017q4/bin/../lib/gcc/arm-none-eabi/7.2.1/thumb/v7-m\libgcc.a(_dvmd_tls.o)
                              c:/siliconlabs/simplicitystudio/v4/developer/toolchains/gnu_arm/7.2_2017q4/bin/../lib/gcc/arm-none-eabi/7.2.1/thumb/v7-m\libgcc.a(_aeabi_uldivmod.o) (__aeabi_ldiv0)
c:/siliconlabs/simplicitystudio/v4/developer/toolchains/gnu_arm/7.2_2017q4/bin/../lib/gcc/arm-none-eabi/7.2.1/../../../../arm-none-eabi/lib/thumb/v7-m\libc_nano.a(lib_a-exit.o)
                              c:/siliconlabs/simplicitystudio/v4/developer/toolchains/gnu_arm/7.2_2017q4/bin/../lib/gcc/arm-none-eabi/7.2.1/../../../../arm-none-eabi/lib/thumb/v7-m/crt0.o (exit)
c:/siliconlabs/simplicitystudio/v4/developer/toolchains/gnu_arm/7.2_2017q4/bin/../lib/gcc/arm-none-eabi/7.2.1/../../../../arm-none-eabi/lib/thumb/v7-m\libc_nano.a(lib_a-impure.o)
                              c:/siliconlabs/simplicitystudio/v4/developer/toolchains/gnu_arm/7.2_2017q4/bin/../lib/gcc/arm-none-eabi/7.2.1/../../../../arm-none-eabi/lib/thumb/v7-m\libc_nano.a(lib_a-exit.o) (_global_impure_ptr)
c:/siliconlabs/simplicitystudio/v4/developer/toolchains/gnu_arm/7.2_2017q4/bin/../lib/gcc/arm-none-eabi/7.2.1/../../../../arm-none-eabi/lib/thumb/v7-m\libc_nano.a(lib_a-init.o)
                              c:/siliconlabs/simplicitystudio/v4/developer/toolchains/gnu_arm/7.2_2017q4/bin/../lib/gcc/arm-none-eabi/7.2.1/../../../../arm-none-eabi/lib/thumb/v7-m/crt0.o (__libc_init_array)
c:/siliconlabs/simplicitystudio/v4/developer/toolchains/gnu_arm/7.2_2017q4/bin/../lib/gcc/arm-none-eabi/7.2.1/../../../../arm-none-eabi/lib/thumb/v7-m\libc_nano.a(lib_a-memcpy-stub.o)
                              build/bsp_stk.o (memcpy)
c:/siliconlabs/simplicitystudio/v4/developer/toolchains/gnu_arm/7.2_2017q4/bin/../lib/gcc/arm-none-eabi/7.2.1/../../../../arm-none-eabi/lib/thumb/v7-m\libc_nano.a(lib_a-memset.o)
                              c:/siliconlabs/simplicitystudio/v4/developer/toolchains/gnu_arm/7.2_2017q4/bin/../lib/gcc/arm-none-eabi/7.2.1/../../../../arm-none-eabi/lib/thumb/v7-m/crt0.o (memset)
c:/siliconlabs/simplicitystudio/v4/developer/toolchains/gnu_arm/7.2_2017q4/bin/../lib/gcc/arm-none-eabi/7.2.1/../../../../arm-none-eabi/lib/thumb/v7-m\libc_nano.a(lib_a-strlen.o)
                              build/segmentlcd.o (strlen)
c:/siliconlabs/simplicitystudio/v4/developer/toolchains/gnu_arm/7.2_2017q4/bin/../lib/gcc/arm-none-eabi/7.2.1/../../../../arm-none-eabi/lib/thumb/v7-m\libnosys.a(_exit.o)
                              c:/siliconlabs/simplicitystudio/v4/developer/toolchains/gnu_arm/7.2_2017q4/bin/../lib/gcc/arm-none-eabi/7.2.1/../../../../arm-none-eabi/lib/thumb/v7-m\libc_nano.a(lib_a-exit.o) (_exit)

Allocating common symbols
Common symbol       size              file

SystemCoreClock     0x4               build/system_efm32gg.o
seconds             0x4               build/o3.o
minutes             0x4               build/o3.o
hours               0x4               build/o3.o
currentTime         0x6               build/o3.o

Discarded input sections

 .text          0x00000000        0x0 c:/siliconlabs/simplicitystudio/v4/developer/toolchains/gnu_arm/7.2_2017q4/bin/../lib/gcc/arm-none-eabi/7.2.1/thumb/v7-m/crti.o
 .data          0x00000000        0x0 c:/siliconlabs/simplicitystudio/v4/developer/toolchains/gnu_arm/7.2_2017q4/bin/../lib/gcc/arm-none-eabi/7.2.1/thumb/v7-m/crti.o
 .bss           0x00000000        0x0 c:/siliconlabs/simplicitystudio/v4/developer/toolchains/gnu_arm/7.2_2017q4/bin/../lib/gcc/arm-none-eabi/7.2.1/thumb/v7-m/crti.o
 .data          0x00000000        0x4 c:/siliconlabs/simplicitystudio/v4/developer/toolchains/gnu_arm/7.2_2017q4/bin/../lib/gcc/arm-none-eabi/7.2.1/thumb/v7-m/crtbegin.o
 .data          0x00000000        0x0 c:/siliconlabs/simplicitystudio/v4/developer/toolchains/gnu_arm/7.2_2017q4/bin/../lib/gcc/arm-none-eabi/7.2.1/../../../../arm-none-eabi/lib/thumb/v7-m/crt0.o
 .bss           0x00000000        0x0 c:/siliconlabs/simplicitystudio/v4/developer/toolchains/gnu_arm/7.2_2017q4/bin/../lib/gcc/arm-none-eabi/7.2.1/../../../../arm-none-eabi/lib/thumb/v7-m/crt0.o
 .ARM.extab     0x00000000        0x0 c:/siliconlabs/simplicitystudio/v4/developer/toolchains/gnu_arm/7.2_2017q4/bin/../lib/gcc/arm-none-eabi/7.2.1/../../../../arm-none-eabi/lib/thumb/v7-m/crt0.o
 .text          0x00000000        0x0 build/system_efm32gg.o
 .data          0x00000000        0x0 build/system_efm32gg.o
 .bss           0x00000000        0x0 build/system_efm32gg.o
 .text.SystemHFXOClockSet
                0x00000000       0x2c build/system_efm32gg.o
 .text.SystemLFXOClockSet
                0x00000000       0x2c build/system_efm32gg.o
 .text          0x00000000        0x0 build/vddcheck.o
 .data          0x00000000        0x0 build/vddcheck.o
 .bss           0x00000000        0x0 build/vddcheck.o
 .text.VCMP_Disable
                0x00000000       0x14 build/vddcheck.o
 .text.VCMP_VoltageToLevel
                0x00000000       0x34 build/vddcheck.o
 .text.VCMP_VDDHigher
                0x00000000       0x18 build/vddcheck.o
 .text.VCMP_Ready
                0x00000000       0x18 build/vddcheck.o
 .text.VDDCHECK_Init
                0x00000000       0x20 build/vddcheck.o
 .text.VDDCHECK_Disable
                0x00000000       0x18 build/vddcheck.o
 .rodata        0x00000000       0x1c build/vddcheck.o
 .text.VDDCHECK_LowVoltage
                0x00000000       0x68 build/vddcheck.o
 .comment       0x00000000       0x7f build/vddcheck.o
 .ARM.attributes
                0x00000000       0x33 build/vddcheck.o
 .text          0x00000000        0x0 build/segmentlcd.o
 .data          0x00000000        0x0 build/segmentlcd.o
 .bss           0x00000000        0x0 build/segmentlcd.o
 .text.LCD_Enable
                0x00000000       0x34 build/segmentlcd.o
 .rodata.EFM_Numbers
                0x00000000       0x22 build/segmentlcd.o
 .rodata.Blocks
                0x00000000        0x8 build/segmentlcd.o
 .rodata.signIndex
                0x00000000        0x2 build/segmentlcd.o
 .text.SegmentLCD_AllOn
                0x00000000       0xcc build/segmentlcd.o
 .text.SegmentLCD_ARing
                0x00000000       0x50 build/segmentlcd.o
 .text.SegmentLCD_Battery
                0x00000000       0x74 build/segmentlcd.o
 .text.SegmentLCD_Block
                0x00000000       0x30 build/segmentlcd.o
 .text.SegmentLCD_Disable
                0x00000000       0x28 build/segmentlcd.o
 .text.SegmentLCD_EnergyMode
                0x00000000       0x50 build/segmentlcd.o
 .text.SegmentLCD_LowerHex
                0x00000000       0x8e build/segmentlcd.o
 .rodata        0x00000000        0x8 build/segmentlcd.o
 .text.SegmentLCD_LowerNumber
                0x00000000       0xbc build/segmentlcd.o
 .text.SegmentLCD_Number
                0x00000000      0x130 build/segmentlcd.o
 .text.SegmentLCD_NumberOff
                0x00000000       0x4c build/segmentlcd.o
 .text.SegmentLCD_Symbol
                0x00000000      0x138 build/segmentlcd.o
 .text.SegmentLCD_UnsignedHex
                0x00000000       0xd4 build/segmentlcd.o
 .text.displayBlock
                0x00000000      0x118 build/segmentlcd.o
 .text          0x00000000        0x0 build/em_assert.o
 .data          0x00000000        0x0 build/em_assert.o
 .bss           0x00000000        0x0 build/em_assert.o
 .text          0x00000000        0x0 build/em_cmu.o
 .data          0x00000000        0x0 build/em_cmu.o
 .bss           0x00000000        0x0 build/em_cmu.o
 .text.BUS_RegMaskedWrite
                0x00000000       0x20 build/em_cmu.o
 .text.CMU_Log2ToDiv
                0x00000000       0x12 build/em_cmu.o
 .text.CMU_AUXHFRCOBandGet
                0x00000000       0x14 build/em_cmu.o
 .text.CMU_AUXHFRCOBandSet
                0x00000000       0xb8 build/em_cmu.o
 .text.CMU_Calibrate
                0x00000000       0xac build/em_cmu.o
 .text.CMU_CalibrateConfig
                0x00000000      0x104 build/em_cmu.o
 .text.CMU_CalibrateCountGet
                0x00000000       0x34 build/em_cmu.o
 .text.CMU_ClockDivGet
                0x00000000      0x190 build/em_cmu.o
 .text.CMU_FreezeEnable
                0x00000000       0x34 build/em_cmu.o
 .text.CMU_HFRCOBandGet
                0x00000000       0x14 build/em_cmu.o
 .text.CMU_HFRCOBandSet
                0x00000000       0xf4 build/em_cmu.o
 .text.CMU_HFRCOStartupDelayGet
                0x00000000       0x14 build/em_cmu.o
 .text.CMU_HFRCOStartupDelaySet
                0x00000000       0x40 build/em_cmu.o
 .text.CMU_HFXOInit
                0x00000000       0x68 build/em_cmu.o
 .text.CMU_LCDClkFDIVGet
                0x00000000       0x10 build/em_cmu.o
 .text.CMU_LFXOInit
                0x00000000       0xa0 build/em_cmu.o
 .text.CMU_OscillatorTuningGet
                0x00000000       0x5c build/em_cmu.o
 .text.CMU_OscillatorTuningSet
                0x00000000       0xb4 build/em_cmu.o
 .text.CMU_PCNTClockExternalGet
                0x00000000       0x54 build/em_cmu.o
 .text.CMU_PCNTClockExternalSet
                0x00000000       0x4c build/em_cmu.o
 .text          0x00000000        0x0 build/em_emu.o
 .data          0x00000000        0x0 build/em_emu.o
 .bss           0x00000000        0x0 build/em_emu.o
 .text.SystemCoreClockUpdate
                0x00000000        0xa build/em_emu.o
 .text.BUS_RegBitWrite
                0x00000000       0x24 build/em_emu.o
 .text.EMU_BUPinEnable
                0x00000000       0x24 build/em_emu.o
 .text.EMU_Unlock
                0x00000000       0x10 build/em_emu.o
 .text.CMU_Lock
                0x00000000       0x10 build/em_emu.o
 .text.CMU_Unlock
                0x00000000       0x14 build/em_emu.o
 .text.emuRestore
                0x00000000       0xf0 build/em_emu.o
 .text.getErrataFixEmuE107En
                0x00000000       0x6c build/em_emu.o
 .text.EMU_EnterEM2
                0x00000000       0xa4 build/em_emu.o
 .text.EMU_EnterEM3
                0x00000000       0xc8 build/em_emu.o
 .text.EMU_EnterEM4
                0x00000000       0x50 build/em_emu.o
 .rodata        0x00000000       0x1d build/em_emu.o
 .text.EMU_MemPwrDown
                0x00000000       0x2c build/em_emu.o
 .text.EMU_EM23Init
                0x00000000       0x2c build/em_emu.o
 .text.EMU_EM4Init
                0x00000000       0x48 build/em_emu.o
 .text.EMU_BUPDInit
                0x00000000       0xd4 build/em_emu.o
 .text.EMU_BUThresholdSet
                0x00000000       0x70 build/em_emu.o
 .text.EMU_BUThresRangeSet
                0x00000000       0x74 build/em_emu.o
 .text          0x00000000        0x0 build/em_gpio.o
 .data          0x00000000        0x0 build/em_gpio.o
 .bss           0x00000000        0x0 build/em_gpio.o
 .text.BUS_RegBitWrite
                0x00000000       0x24 build/em_gpio.o
 .text.BUS_RegMaskedWrite
                0x00000000       0x20 build/em_gpio.o
 .text.GPIO_EM4SetPinRetention
                0x00000000       0x3c build/em_gpio.o
 .rodata        0x00000000       0x3e build/em_gpio.o
 .text.GPIO_PinOutClear
                0x00000000       0xa8 build/em_gpio.o
 .text.GPIO_PinOutSet
                0x00000000       0xa8 build/em_gpio.o
 .text.GPIO_DbgLocationSet
                0x00000000       0x3c build/em_gpio.o
 .text.GPIO_DriveModeSet
                0x00000000       0x90 build/em_gpio.o
 .text.GPIO_ExtIntConfig
                0x00000000      0x124 build/em_gpio.o
 .text.GPIO_PinModeSet
                0x00000000      0x180 build/em_gpio.o
 .text.GPIO_PinModeGet
                0x00000000       0xe0 build/em_gpio.o
 .text.GPIO_EM4EnablePinWakeup
                0x00000000       0x84 build/em_gpio.o
 .comment       0x00000000       0x7f build/em_gpio.o
 .ARM.attributes
                0x00000000       0x33 build/em_gpio.o
 .text          0x00000000        0x0 build/em_rtc.o
 .data          0x00000000        0x0 build/em_rtc.o
 .bss           0x00000000        0x0 build/em_rtc.o
 .text.BUS_RegBitWrite
                0x00000000       0x24 build/em_rtc.o
 .rodata        0x00000000       0x1d build/em_rtc.o
 .text.RTC_CompareGet
                0x00000000       0x48 build/em_rtc.o
 .text.RTC_CompareSet
                0x00000000       0x50 build/em_rtc.o
 .text.RTC_Enable
                0x00000000       0x24 build/em_rtc.o
 .text.RTC_FreezeEnable
                0x00000000       0x28 build/em_rtc.o
 .text.RTC_Init
                0x00000000       0x48 build/em_rtc.o
 .text.RTC_Reset
                0x00000000       0x2c build/em_rtc.o
 .text.RTC_CounterReset
                0x00000000       0x12 build/em_rtc.o
 .comment       0x00000000       0x7f build/em_rtc.o
 .ARM.attributes
                0x00000000       0x33 build/em_rtc.o
 .text          0x00000000        0x0 build/em_system.o
 .data          0x00000000        0x0 build/em_system.o
 .bss           0x00000000        0x0 build/em_system.o
 .text.SYSTEM_GetCalibrationValue
                0x00000000       0x50 build/em_system.o
 .text          0x00000000        0x0 build/em_lcd.o
 .data          0x00000000        0x0 build/em_lcd.o
 .bss           0x00000000        0x0 build/em_lcd.o
 .text.LCD_AnimEnable
                0x00000000       0x34 build/em_lcd.o
 .text.LCD_FrameCountEnable
                0x00000000       0x34 build/em_lcd.o
 .text.LCD_UpdateCtrl
                0x00000000       0x24 build/em_lcd.o
 .text.LCD_FrameCountInit
                0x00000000       0x68 build/em_lcd.o
 .text.LCD_AnimInit
                0x00000000       0x9c build/em_lcd.o
 .text.LCD_ContrastSet
                0x00000000       0x3c build/em_lcd.o
 .text.LCD_BiasSegmentSet
                0x00000000      0x11c build/em_lcd.o
 .text.LCD_BiasComSet
                0x00000000       0x54 build/em_lcd.o
 .text          0x00000000        0x0 build/em_vcmp.o
 .data          0x00000000        0x0 build/em_vcmp.o
 .bss           0x00000000        0x0 build/em_vcmp.o
 .text.VCMP_Ready
                0x00000000       0x18 build/em_vcmp.o
 .text.VCMP_IntClear
                0x00000000       0x12 build/em_vcmp.o
 .rodata        0x00000000       0x1e build/em_vcmp.o
 .text.VCMP_Init
                0x00000000      0x1bc build/em_vcmp.o
 .text.VCMP_LowPowerRefSet
                0x00000000       0x38 build/em_vcmp.o
 .text.VCMP_TriggerSet
                0x00000000       0x3c build/em_vcmp.o
 .comment       0x00000000       0x7f build/em_vcmp.o
 .ARM.attributes
                0x00000000       0x33 build/em_vcmp.o
 .text          0x00000000        0x0 build/em_usart.o
 .data          0x00000000        0x0 build/em_usart.o
 .bss           0x00000000        0x0 build/em_usart.o
 .text.BUS_RegMaskedWrite
                0x00000000       0x20 build/em_usart.o
 .rodata        0x00000000       0x1f build/em_usart.o
 .text.USART_BaudrateAsyncSet
                0x00000000      0x134 build/em_usart.o
 .text.USART_BaudrateCalc
                0x00000000      0x134 build/em_usart.o
 .text.USART_BaudrateGet
                0x00000000       0x58 build/em_usart.o
 .text.USART_BaudrateSyncSet
                0x00000000       0xa0 build/em_usart.o
 .text.USART_Enable
                0x00000000       0x80 build/em_usart.o
 .text.USART_InitAsync
                0x00000000       0xc0 build/em_usart.o
 .text.USART_InitSync
                0x00000000       0xd8 build/em_usart.o
 .text.USARTn_InitIrDA
                0x00000000       0x88 build/em_usart.o
 .text.USART_InitI2s
                0x00000000       0xa8 build/em_usart.o
 .text.USART_InitPrsTrigger
                0x00000000       0x58 build/em_usart.o
 .text.USART_Reset
                0x00000000       0xb8 build/em_usart.o
 .text.USART_Rx
                0x00000000       0x1e build/em_usart.o
 .text.USART_RxDouble
                0x00000000       0x1e build/em_usart.o
 .text.USART_RxDoubleExt
                0x00000000       0x1c build/em_usart.o
 .text.USART_RxExt
                0x00000000       0x1e build/em_usart.o
 .text.USART_SpiTransfer
                0x00000000       0x3a build/em_usart.o
 .text.USART_Tx
                0x00000000       0x26 build/em_usart.o
 .text.USART_TxDouble
                0x00000000       0x26 build/em_usart.o
 .text.USART_TxDoubleExt
                0x00000000       0x20 build/em_usart.o
 .text.USART_TxExt
                0x00000000       0x26 build/em_usart.o
 .comment       0x00000000       0x7f build/em_usart.o
 .ARM.attributes
                0x00000000       0x33 build/em_usart.o
 .text          0x00000000        0x0 build/bsp_stk.o
 .data          0x00000000        0x0 build/bsp_stk.o
 .bss           0x00000000        0x0 build/bsp_stk.o
 .text.BSP_Disable
                0x00000000       0x10 build/bsp_stk.o
 .rodata        0x00000000       0x50 build/bsp_stk.o
 .text.BSP_EbiInit
                0x00000000      0x118 build/bsp_stk.o
 .text.BSP_EbiDeInit
                0x00000000        0x6 build/bsp_stk.o
 .text.BSP_Init
                0x00000000       0x1e build/bsp_stk.o
 .text.BSP_CurrentGet
                0x00000000       0x42 build/bsp_stk.o
 .text.BSP_VoltageGet
                0x00000000       0x42 build/bsp_stk.o
 .comment       0x00000000       0x7f build/bsp_stk.o
 .ARM.attributes
                0x00000000       0x33 build/bsp_stk.o
 .text          0x00000000        0x0 build/bsp_stk_leds.o
 .data          0x00000000        0x0 build/bsp_stk_leds.o
 .bss           0x00000000        0x0 build/bsp_stk_leds.o
 .text.BUS_RegBitRead
                0x00000000       0x20 build/bsp_stk_leds.o
 .rodata        0x00000000       0x1e build/bsp_stk_leds.o
 .text.GPIO_PinOutClear
                0x00000000       0xa8 build/bsp_stk_leds.o
 .text.GPIO_PinOutGet
                0x00000000       0xa4 build/bsp_stk_leds.o
 .text.GPIO_PinOutSet
                0x00000000       0xa8 build/bsp_stk_leds.o
 .text.GPIO_PinOutToggle
                0x00000000       0xa8 build/bsp_stk_leds.o
 .rodata.ledArray
                0x00000000       0x10 build/bsp_stk_leds.o
 .text.BSP_LedsInit
                0x00000000       0x58 build/bsp_stk_leds.o
 .text.BSP_LedsGet
                0x00000000       0x58 build/bsp_stk_leds.o
 .text.BSP_LedsSet
                0x00000000       0x6c build/bsp_stk_leds.o
 .text.BSP_LedClear
                0x00000000       0x40 build/bsp_stk_leds.o
 .text.BSP_LedGet
                0x00000000       0x44 build/bsp_stk_leds.o
 .text.BSP_LedSet
                0x00000000       0x40 build/bsp_stk_leds.o
 .text.BSP_LedToggle
                0x00000000       0x40 build/bsp_stk_leds.o
 .comment       0x00000000       0x7f build/bsp_stk_leds.o
 .ARM.attributes
                0x00000000       0x33 build/bsp_stk_leds.o
 .text          0x00000000        0x0 build/bsp_trace.o
 .data          0x00000000        0x0 build/bsp_trace.o
 .bss           0x00000000        0x0 build/bsp_trace.o
 .text.BSP_TraceSwoSetup
                0x00000000      0x114 build/bsp_trace.o
 .text.BSP_TraceProfilerSetup
                0x00000000       0x24 build/bsp_trace.o
 .comment       0x00000000       0x7f build/bsp_trace.o
 .ARM.attributes
                0x00000000       0x33 build/bsp_trace.o
 .text          0x00000000        0x0 build/init.o
 .data          0x00000000        0x0 build/init.o
 .bss           0x00000000        0x0 build/init.o
 .data          0x00000000        0x0 build/startup_efm32gg.o
 .bss           0x00000000        0x0 build/startup_efm32gg.o
 .group         0x00000000        0xc build/o3.o
 .group         0x00000000        0xc build/o3.o
 .group         0x00000000        0xc build/o3.o
 .group         0x00000000        0xc build/o3.o
 .group         0x00000000        0xc build/o3.o
 .group         0x00000000        0xc build/o3.o
 .group         0x00000000        0xc build/o3.o
 .group         0x00000000        0xc build/o3.o
 .group         0x00000000        0xc build/o3.o
 .group         0x00000000        0xc build/o3.o
 .text          0x00000000        0x0 build/o3.o
 .data          0x00000000        0x0 build/o3.o
 .bss           0x00000000        0x0 build/o3.o
 .text          0x00000000      0x21c c:/siliconlabs/simplicitystudio/v4/developer/toolchains/gnu_arm/7.2_2017q4/bin/../lib/gcc/arm-none-eabi/7.2.1/thumb/v7-m\libgcc.a(_arm_addsubsf3.o)
 .data          0x00000000        0x0 c:/siliconlabs/simplicitystudio/v4/developer/toolchains/gnu_arm/7.2_2017q4/bin/../lib/gcc/arm-none-eabi/7.2.1/thumb/v7-m\libgcc.a(_arm_addsubsf3.o)
 .bss           0x00000000        0x0 c:/siliconlabs/simplicitystudio/v4/developer/toolchains/gnu_arm/7.2_2017q4/bin/../lib/gcc/arm-none-eabi/7.2.1/thumb/v7-m\libgcc.a(_arm_addsubsf3.o)
 .debug_frame   0x00000000       0x4c c:/siliconlabs/simplicitystudio/v4/developer/toolchains/gnu_arm/7.2_2017q4/bin/../lib/gcc/arm-none-eabi/7.2.1/thumb/v7-m\libgcc.a(_arm_addsubsf3.o)
 .ARM.attributes
                0x00000000       0x1d c:/siliconlabs/simplicitystudio/v4/developer/toolchains/gnu_arm/7.2_2017q4/bin/../lib/gcc/arm-none-eabi/7.2.1/thumb/v7-m\libgcc.a(_arm_addsubsf3.o)
 .text          0x00000000      0x2a0 c:/siliconlabs/simplicitystudio/v4/developer/toolchains/gnu_arm/7.2_2017q4/bin/../lib/gcc/arm-none-eabi/7.2.1/thumb/v7-m\libgcc.a(_arm_muldivsf3.o)
 .data          0x00000000        0x0 c:/siliconlabs/simplicitystudio/v4/developer/toolchains/gnu_arm/7.2_2017q4/bin/../lib/gcc/arm-none-eabi/7.2.1/thumb/v7-m\libgcc.a(_arm_muldivsf3.o)
 .bss           0x00000000        0x0 c:/siliconlabs/simplicitystudio/v4/developer/toolchains/gnu_arm/7.2_2017q4/bin/../lib/gcc/arm-none-eabi/7.2.1/thumb/v7-m\libgcc.a(_arm_muldivsf3.o)
 .debug_frame   0x00000000       0x38 c:/siliconlabs/simplicitystudio/v4/developer/toolchains/gnu_arm/7.2_2017q4/bin/../lib/gcc/arm-none-eabi/7.2.1/thumb/v7-m\libgcc.a(_arm_muldivsf3.o)
 .ARM.attributes
                0x00000000       0x1d c:/siliconlabs/simplicitystudio/v4/developer/toolchains/gnu_arm/7.2_2017q4/bin/../lib/gcc/arm-none-eabi/7.2.1/thumb/v7-m\libgcc.a(_arm_muldivsf3.o)
 .text          0x00000000       0x40 c:/siliconlabs/simplicitystudio/v4/developer/toolchains/gnu_arm/7.2_2017q4/bin/../lib/gcc/arm-none-eabi/7.2.1/thumb/v7-m\libgcc.a(_arm_fixunssfsi.o)
 .data          0x00000000        0x0 c:/siliconlabs/simplicitystudio/v4/developer/toolchains/gnu_arm/7.2_2017q4/bin/../lib/gcc/arm-none-eabi/7.2.1/thumb/v7-m\libgcc.a(_arm_fixunssfsi.o)
 .bss           0x00000000        0x0 c:/siliconlabs/simplicitystudio/v4/developer/toolchains/gnu_arm/7.2_2017q4/bin/../lib/gcc/arm-none-eabi/7.2.1/thumb/v7-m\libgcc.a(_arm_fixunssfsi.o)
 .debug_frame   0x00000000       0x24 c:/siliconlabs/simplicitystudio/v4/developer/toolchains/gnu_arm/7.2_2017q4/bin/../lib/gcc/arm-none-eabi/7.2.1/thumb/v7-m\libgcc.a(_arm_fixunssfsi.o)
 .ARM.attributes
                0x00000000       0x1d c:/siliconlabs/simplicitystudio/v4/developer/toolchains/gnu_arm/7.2_2017q4/bin/../lib/gcc/arm-none-eabi/7.2.1/thumb/v7-m\libgcc.a(_arm_fixunssfsi.o)
 .text          0x00000000       0x30 c:/siliconlabs/simplicitystudio/v4/developer/toolchains/gnu_arm/7.2_2017q4/bin/../lib/gcc/arm-none-eabi/7.2.1/thumb/v7-m\libgcc.a(_aeabi_uldivmod.o)
 .data          0x00000000        0x0 c:/siliconlabs/simplicitystudio/v4/developer/toolchains/gnu_arm/7.2_2017q4/bin/../lib/gcc/arm-none-eabi/7.2.1/thumb/v7-m\libgcc.a(_aeabi_uldivmod.o)
 .bss           0x00000000        0x0 c:/siliconlabs/simplicitystudio/v4/developer/toolchains/gnu_arm/7.2_2017q4/bin/../lib/gcc/arm-none-eabi/7.2.1/thumb/v7-m\libgcc.a(_aeabi_uldivmod.o)
 .debug_frame   0x00000000       0x2c c:/siliconlabs/simplicitystudio/v4/developer/toolchains/gnu_arm/7.2_2017q4/bin/../lib/gcc/arm-none-eabi/7.2.1/thumb/v7-m\libgcc.a(_aeabi_uldivmod.o)
 .ARM.attributes
                0x00000000       0x1d c:/siliconlabs/simplicitystudio/v4/developer/toolchains/gnu_arm/7.2_2017q4/bin/../lib/gcc/arm-none-eabi/7.2.1/thumb/v7-m\libgcc.a(_aeabi_uldivmod.o)
 .text          0x00000000      0x2d0 c:/siliconlabs/simplicitystudio/v4/developer/toolchains/gnu_arm/7.2_2017q4/bin/../lib/gcc/arm-none-eabi/7.2.1/thumb/v7-m\libgcc.a(_udivmoddi4.o)
 .data          0x00000000        0x0 c:/siliconlabs/simplicitystudio/v4/developer/toolchains/gnu_arm/7.2_2017q4/bin/../lib/gcc/arm-none-eabi/7.2.1/thumb/v7-m\libgcc.a(_udivmoddi4.o)
 .bss           0x00000000        0x0 c:/siliconlabs/simplicitystudio/v4/developer/toolchains/gnu_arm/7.2_2017q4/bin/../lib/gcc/arm-none-eabi/7.2.1/thumb/v7-m\libgcc.a(_udivmoddi4.o)
 .ARM.extab     0x00000000        0x0 c:/siliconlabs/simplicitystudio/v4/developer/toolchains/gnu_arm/7.2_2017q4/bin/../lib/gcc/arm-none-eabi/7.2.1/thumb/v7-m\libgcc.a(_udivmoddi4.o)
 .ARM.exidx     0x00000000        0x8 c:/siliconlabs/simplicitystudio/v4/developer/toolchains/gnu_arm/7.2_2017q4/bin/../lib/gcc/arm-none-eabi/7.2.1/thumb/v7-m\libgcc.a(_udivmoddi4.o)
 .debug_frame   0x00000000       0x34 c:/siliconlabs/simplicitystudio/v4/developer/toolchains/gnu_arm/7.2_2017q4/bin/../lib/gcc/arm-none-eabi/7.2.1/thumb/v7-m\libgcc.a(_udivmoddi4.o)
 .ARM.attributes
                0x00000000       0x2d c:/siliconlabs/simplicitystudio/v4/developer/toolchains/gnu_arm/7.2_2017q4/bin/../lib/gcc/arm-none-eabi/7.2.1/thumb/v7-m\libgcc.a(_udivmoddi4.o)
 .text          0x00000000        0x4 c:/siliconlabs/simplicitystudio/v4/developer/toolchains/gnu_arm/7.2_2017q4/bin/../lib/gcc/arm-none-eabi/7.2.1/thumb/v7-m\libgcc.a(_dvmd_tls.o)
 .data          0x00000000        0x0 c:/siliconlabs/simplicitystudio/v4/developer/toolchains/gnu_arm/7.2_2017q4/bin/../lib/gcc/arm-none-eabi/7.2.1/thumb/v7-m\libgcc.a(_dvmd_tls.o)
 .bss           0x00000000        0x0 c:/siliconlabs/simplicitystudio/v4/developer/toolchains/gnu_arm/7.2_2017q4/bin/../lib/gcc/arm-none-eabi/7.2.1/thumb/v7-m\libgcc.a(_dvmd_tls.o)
 .ARM.attributes
                0x00000000       0x1d c:/siliconlabs/simplicitystudio/v4/developer/toolchains/gnu_arm/7.2_2017q4/bin/../lib/gcc/arm-none-eabi/7.2.1/thumb/v7-m\libgcc.a(_dvmd_tls.o)
 .text          0x00000000        0x0 c:/siliconlabs/simplicitystudio/v4/developer/toolchains/gnu_arm/7.2_2017q4/bin/../lib/gcc/arm-none-eabi/7.2.1/../../../../arm-none-eabi/lib/thumb/v7-m\libc_nano.a(lib_a-exit.o)
 .data          0x00000000        0x0 c:/siliconlabs/simplicitystudio/v4/developer/toolchains/gnu_arm/7.2_2017q4/bin/../lib/gcc/arm-none-eabi/7.2.1/../../../../arm-none-eabi/lib/thumb/v7-m\libc_nano.a(lib_a-exit.o)
 .bss           0x00000000        0x0 c:/siliconlabs/simplicitystudio/v4/developer/toolchains/gnu_arm/7.2_2017q4/bin/../lib/gcc/arm-none-eabi/7.2.1/../../../../arm-none-eabi/lib/thumb/v7-m\libc_nano.a(lib_a-exit.o)
 .text          0x00000000        0x0 c:/siliconlabs/simplicitystudio/v4/developer/toolchains/gnu_arm/7.2_2017q4/bin/../lib/gcc/arm-none-eabi/7.2.1/../../../../arm-none-eabi/lib/thumb/v7-m\libc_nano.a(lib_a-impure.o)
 .data          0x00000000        0x0 c:/siliconlabs/simplicitystudio/v4/developer/toolchains/gnu_arm/7.2_2017q4/bin/../lib/gcc/arm-none-eabi/7.2.1/../../../../arm-none-eabi/lib/thumb/v7-m\libc_nano.a(lib_a-impure.o)
 .bss           0x00000000        0x0 c:/siliconlabs/simplicitystudio/v4/developer/toolchains/gnu_arm/7.2_2017q4/bin/../lib/gcc/arm-none-eabi/7.2.1/../../../../arm-none-eabi/lib/thumb/v7-m\libc_nano.a(lib_a-impure.o)
 .data._impure_ptr
                0x00000000        0x4 c:/siliconlabs/simplicitystudio/v4/developer/toolchains/gnu_arm/7.2_2017q4/bin/../lib/gcc/arm-none-eabi/7.2.1/../../../../arm-none-eabi/lib/thumb/v7-m\libc_nano.a(lib_a-impure.o)
 .text          0x00000000        0x0 c:/siliconlabs/simplicitystudio/v4/developer/toolchains/gnu_arm/7.2_2017q4/bin/../lib/gcc/arm-none-eabi/7.2.1/../../../../arm-none-eabi/lib/thumb/v7-m\libc_nano.a(lib_a-init.o)
 .data          0x00000000        0x0 c:/siliconlabs/simplicitystudio/v4/developer/toolchains/gnu_arm/7.2_2017q4/bin/../lib/gcc/arm-none-eabi/7.2.1/../../../../arm-none-eabi/lib/thumb/v7-m\libc_nano.a(lib_a-init.o)
 .bss           0x00000000        0x0 c:/siliconlabs/simplicitystudio/v4/developer/toolchains/gnu_arm/7.2_2017q4/bin/../lib/gcc/arm-none-eabi/7.2.1/../../../../arm-none-eabi/lib/thumb/v7-m\libc_nano.a(lib_a-init.o)
 .text          0x00000000        0x0 c:/siliconlabs/simplicitystudio/v4/developer/toolchains/gnu_arm/7.2_2017q4/bin/../lib/gcc/arm-none-eabi/7.2.1/../../../../arm-none-eabi/lib/thumb/v7-m\libc_nano.a(lib_a-memcpy-stub.o)
 .data          0x00000000        0x0 c:/siliconlabs/simplicitystudio/v4/developer/toolchains/gnu_arm/7.2_2017q4/bin/../lib/gcc/arm-none-eabi/7.2.1/../../../../arm-none-eabi/lib/thumb/v7-m\libc_nano.a(lib_a-memcpy-stub.o)
 .bss           0x00000000        0x0 c:/siliconlabs/simplicitystudio/v4/developer/toolchains/gnu_arm/7.2_2017q4/bin/../lib/gcc/arm-none-eabi/7.2.1/../../../../arm-none-eabi/lib/thumb/v7-m\libc_nano.a(lib_a-memcpy-stub.o)
 .text.memcpy   0x00000000       0x16 c:/siliconlabs/simplicitystudio/v4/developer/toolchains/gnu_arm/7.2_2017q4/bin/../lib/gcc/arm-none-eabi/7.2.1/../../../../arm-none-eabi/lib/thumb/v7-m\libc_nano.a(lib_a-memcpy-stub.o)
 .debug_frame   0x00000000       0x28 c:/siliconlabs/simplicitystudio/v4/developer/toolchains/gnu_arm/7.2_2017q4/bin/../lib/gcc/arm-none-eabi/7.2.1/../../../../arm-none-eabi/lib/thumb/v7-m\libc_nano.a(lib_a-memcpy-stub.o)
 .ARM.attributes
                0x00000000       0x2d c:/siliconlabs/simplicitystudio/v4/developer/toolchains/gnu_arm/7.2_2017q4/bin/../lib/gcc/arm-none-eabi/7.2.1/../../../../arm-none-eabi/lib/thumb/v7-m\libc_nano.a(lib_a-memcpy-stub.o)
 .text          0x00000000        0x0 c:/siliconlabs/simplicitystudio/v4/developer/toolchains/gnu_arm/7.2_2017q4/bin/../lib/gcc/arm-none-eabi/7.2.1/../../../../arm-none-eabi/lib/thumb/v7-m\libc_nano.a(lib_a-memset.o)
 .data          0x00000000        0x0 c:/siliconlabs/simplicitystudio/v4/developer/toolchains/gnu_arm/7.2_2017q4/bin/../lib/gcc/arm-none-eabi/7.2.1/../../../../arm-none-eabi/lib/thumb/v7-m\libc_nano.a(lib_a-memset.o)
 .bss           0x00000000        0x0 c:/siliconlabs/simplicitystudio/v4/developer/toolchains/gnu_arm/7.2_2017q4/bin/../lib/gcc/arm-none-eabi/7.2.1/../../../../arm-none-eabi/lib/thumb/v7-m\libc_nano.a(lib_a-memset.o)
 .data          0x00000000        0x0 c:/siliconlabs/simplicitystudio/v4/developer/toolchains/gnu_arm/7.2_2017q4/bin/../lib/gcc/arm-none-eabi/7.2.1/../../../../arm-none-eabi/lib/thumb/v7-m\libc_nano.a(lib_a-strlen.o)
 .bss           0x00000000        0x0 c:/siliconlabs/simplicitystudio/v4/developer/toolchains/gnu_arm/7.2_2017q4/bin/../lib/gcc/arm-none-eabi/7.2.1/../../../../arm-none-eabi/lib/thumb/v7-m\libc_nano.a(lib_a-strlen.o)
 .text          0x00000000        0x0 c:/siliconlabs/simplicitystudio/v4/developer/toolchains/gnu_arm/7.2_2017q4/bin/../lib/gcc/arm-none-eabi/7.2.1/../../../../arm-none-eabi/lib/thumb/v7-m\libnosys.a(_exit.o)
 .data          0x00000000        0x0 c:/siliconlabs/simplicitystudio/v4/developer/toolchains/gnu_arm/7.2_2017q4/bin/../lib/gcc/arm-none-eabi/7.2.1/../../../../arm-none-eabi/lib/thumb/v7-m\libnosys.a(_exit.o)
 .bss           0x00000000        0x0 c:/siliconlabs/simplicitystudio/v4/developer/toolchains/gnu_arm/7.2_2017q4/bin/../lib/gcc/arm-none-eabi/7.2.1/../../../../arm-none-eabi/lib/thumb/v7-m\libnosys.a(_exit.o)
 .text          0x00000000        0x0 c:/siliconlabs/simplicitystudio/v4/developer/toolchains/gnu_arm/7.2_2017q4/bin/../lib/gcc/arm-none-eabi/7.2.1/thumb/v7-m/crtend.o
 .data          0x00000000        0x0 c:/siliconlabs/simplicitystudio/v4/developer/toolchains/gnu_arm/7.2_2017q4/bin/../lib/gcc/arm-none-eabi/7.2.1/thumb/v7-m/crtend.o
 .bss           0x00000000        0x0 c:/siliconlabs/simplicitystudio/v4/developer/toolchains/gnu_arm/7.2_2017q4/bin/../lib/gcc/arm-none-eabi/7.2.1/thumb/v7-m/crtend.o
 .text          0x00000000        0x0 c:/siliconlabs/simplicitystudio/v4/developer/toolchains/gnu_arm/7.2_2017q4/bin/../lib/gcc/arm-none-eabi/7.2.1/thumb/v7-m/crtn.o
 .data          0x00000000        0x0 c:/siliconlabs/simplicitystudio/v4/developer/toolchains/gnu_arm/7.2_2017q4/bin/../lib/gcc/arm-none-eabi/7.2.1/thumb/v7-m/crtn.o
 .bss           0x00000000        0x0 c:/siliconlabs/simplicitystudio/v4/developer/toolchains/gnu_arm/7.2_2017q4/bin/../lib/gcc/arm-none-eabi/7.2.1/thumb/v7-m/crtn.o

Memory Configuration

Name             Origin             Length             Attributes
FLASH            0x00000000         0x00100000         xr
RAM              0x20000000         0x00020000         xrw
*default*        0x00000000         0xffffffff

Linker script and memory map

LOAD c:/siliconlabs/simplicitystudio/v4/developer/toolchains/gnu_arm/7.2_2017q4/bin/../lib/gcc/arm-none-eabi/7.2.1/thumb/v7-m/crti.o
LOAD c:/siliconlabs/simplicitystudio/v4/developer/toolchains/gnu_arm/7.2_2017q4/bin/../lib/gcc/arm-none-eabi/7.2.1/thumb/v7-m/crtbegin.o
LOAD c:/siliconlabs/simplicitystudio/v4/developer/toolchains/gnu_arm/7.2_2017q4/bin/../lib/gcc/arm-none-eabi/7.2.1/../../../../arm-none-eabi/lib/thumb/v7-m/crt0.o
LOAD build/system_efm32gg.o
LOAD build/vddcheck.o
LOAD build/segmentlcd.o
LOAD build/em_assert.o
LOAD build/em_cmu.o
LOAD build/em_emu.o
LOAD build/em_gpio.o
LOAD build/em_rtc.o
LOAD build/em_system.o
LOAD build/em_lcd.o
LOAD build/em_vcmp.o
LOAD build/em_usart.o
LOAD build/bsp_stk.o
LOAD build/bsp_stk_leds.o
LOAD build/bsp_trace.o
LOAD build/init.o
LOAD build/startup_efm32gg.o
LOAD build/o3.o
START GROUP
LOAD c:/siliconlabs/simplicitystudio/v4/developer/toolchains/gnu_arm/7.2_2017q4/bin/../lib/gcc/arm-none-eabi/7.2.1/thumb/v7-m\libgcc.a
LOAD c:/siliconlabs/simplicitystudio/v4/developer/toolchains/gnu_arm/7.2_2017q4/bin/../lib/gcc/arm-none-eabi/7.2.1/../../../../arm-none-eabi/lib/thumb/v7-m\libc_nano.a
LOAD c:/siliconlabs/simplicitystudio/v4/developer/toolchains/gnu_arm/7.2_2017q4/bin/../lib/gcc/arm-none-eabi/7.2.1/../../../../arm-none-eabi/lib/thumb/v7-m\libnosys.a
END GROUP
START GROUP
LOAD c:/siliconlabs/simplicitystudio/v4/developer/toolchains/gnu_arm/7.2_2017q4/bin/../lib/gcc/arm-none-eabi/7.2.1/thumb/v7-m\libgcc.a
LOAD c:/siliconlabs/simplicitystudio/v4/developer/toolchains/gnu_arm/7.2_2017q4/bin/../lib/gcc/arm-none-eabi/7.2.1/../../../../arm-none-eabi/lib/thumb/v7-m\libc_nano.a
END GROUP
START GROUP
LOAD c:/siliconlabs/simplicitystudio/v4/developer/toolchains/gnu_arm/7.2_2017q4/bin/../lib/gcc/arm-none-eabi/7.2.1/thumb/v7-m\libgcc.a
LOAD c:/siliconlabs/simplicitystudio/v4/developer/toolchains/gnu_arm/7.2_2017q4/bin/../lib/gcc/arm-none-eabi/7.2.1/../../../../arm-none-eabi/lib/thumb/v7-m\libc_nano.a
END GROUP
LOAD c:/siliconlabs/simplicitystudio/v4/developer/toolchains/gnu_arm/7.2_2017q4/bin/../lib/gcc/arm-none-eabi/7.2.1/thumb/v7-m/crtend.o
LOAD c:/siliconlabs/simplicitystudio/v4/developer/toolchains/gnu_arm/7.2_2017q4/bin/../lib/gcc/arm-none-eabi/7.2.1/thumb/v7-m/crtn.o

.text           0x00000000     0x27cc
 *(.vectors)
 .vectors       0x00000000       0xdc build/startup_efm32gg.o
                0x00000000                __Vectors
                0x000000dc                __Vectors_End = .
                0x000000dc                __Vectors_Size = (__Vectors_End - __Vectors)
                0x000000dc                __end__ = .
 *(.text*)
 .text          0x000000dc       0x40 c:/siliconlabs/simplicitystudio/v4/developer/toolchains/gnu_arm/7.2_2017q4/bin/../lib/gcc/arm-none-eabi/7.2.1/thumb/v7-m/crtbegin.o
 .text          0x0000011c       0x74 c:/siliconlabs/simplicitystudio/v4/developer/toolchains/gnu_arm/7.2_2017q4/bin/../lib/gcc/arm-none-eabi/7.2.1/../../../../arm-none-eabi/lib/thumb/v7-m/crt0.o
                0x0000011c                _start
                0x0000011c                _mainCRTStartup
 .text.GetProdRev
                0x00000190       0x10 build/system_efm32gg.o
 .text.SystemCoreClockGet
                0x000001a0       0x34 build/system_efm32gg.o
                0x000001a0                SystemCoreClockGet
 .text.SystemMaxCoreClockGet
                0x000001d4        0xc build/system_efm32gg.o
                0x000001d4                SystemMaxCoreClockGet
 .text.SystemHFClockGet
                0x000001e0      0x100 build/system_efm32gg.o
                0x000001e0                SystemHFClockGet
 .text.SystemHFXOClockGet
                0x000002e0        0xc build/system_efm32gg.o
                0x000002e0                SystemHFXOClockGet
 .text.SystemInit
                0x000002ec        0x4 build/system_efm32gg.o
                0x000002ec                SystemInit
 .text.SystemLFRCOClockGet
                0x000002f0        0x8 build/system_efm32gg.o
                0x000002f0                SystemLFRCOClockGet
 .text.SystemULFRCOClockGet
                0x000002f8        0x8 build/system_efm32gg.o
                0x000002f8                SystemULFRCOClockGet
 .text.SystemLFXOClockGet
                0x00000300        0xc build/system_efm32gg.o
                0x00000300                SystemLFXOClockGet
 .text.LCD_FreezeEnable
                0x0000030c       0x28 build/segmentlcd.o
 .text.LCD_SyncBusyDelay
                0x00000334       0x1c build/segmentlcd.o
 .text.LCD_IntDisable
                0x00000350       0x1c build/segmentlcd.o
 .text.SegmentLCD_AllOff
                0x0000036c       0xac build/segmentlcd.o
                0x0000036c                SegmentLCD_AllOff
 .text.SegmentLCD_AlphaNumberOff
                0x00000418       0xa8 build/segmentlcd.o
                0x00000418                SegmentLCD_AlphaNumberOff
 .text.SegmentLCD_Init
                0x000004c0       0xbc build/segmentlcd.o
                0x000004c0                SegmentLCD_Init
 .text.SegmentLCD_Write
                0x0000057c       0xd8 build/segmentlcd.o
                0x0000057c                SegmentLCD_Write
 .text.assertEFM
                0x00000654        0x8 build/em_assert.o
                0x00000654                assertEFM
 .text.BUS_RegBitWrite
                0x0000065c       0x24 build/em_cmu.o
 .text.BUS_RegBitRead
                0x00000680       0x20 build/em_cmu.o
 .text.CMU_DivToLog2
                0x000006a0       0x38 build/em_cmu.o
 .text.SYSTEM_GetProdRev
                0x000006d8       0x10 build/em_cmu.o
 .text.SYSTEM_GetFamily
                0x000006e8       0x10 build/em_cmu.o
 .text.maxFreqHfle
                0x000006f8       0x90 build/em_cmu.o
 .text.setHfLeConfig
                0x00000788       0x3c build/em_cmu.o
 .text.getHfLeConfig
                0x000007c4       0x40 build/em_cmu.o
 .text.auxClkGet
                0x00000804       0xbc build/em_cmu.o
 .text.dbgClkGet
                0x000008c0       0x50 build/em_cmu.o
 .text.flashWaitStateControl
                0x00000910       0xbc build/em_cmu.o
 .text.flashWaitStateMax
                0x000009cc       0x12 build/em_cmu.o
 *fill*         0x000009de        0x2 
 .text.lfClkGet
                0x000009e0      0x10c build/em_cmu.o
 .text.syncReg  0x00000aec       0x2c build/em_cmu.o
 .text.usbCClkGet
                0x00000b18       0x4c build/em_cmu.o
 .text.CMU_ClockDivSet
                0x00000b64      0x2c8 build/em_cmu.o
                0x00000b64                CMU_ClockDivSet
 .text.CMU_ClockEnable
                0x00000e2c       0xe4 build/em_cmu.o
                0x00000e2c                CMU_ClockEnable
 .text.CMU_ClockFreqGet
                0x00000f10      0x1e0 build/em_cmu.o
                0x00000f10                CMU_ClockFreqGet
 .text.CMU_ClockSelectGet
                0x000010f0      0x190 build/em_cmu.o
                0x000010f0                CMU_ClockSelectGet
 .text.CMU_ClockSelectSet
                0x00001280      0x308 build/em_cmu.o
                0x00001280                CMU_ClockSelectSet
 .text.CMU_LCDClkFDIVSet
                0x00001588       0x4c build/em_cmu.o
                0x00001588                CMU_LCDClkFDIVSet
 .text.CMU_OscillatorEnable
                0x000015d4       0xd4 build/em_cmu.o
                0x000015d4                CMU_OscillatorEnable
 .text.EMU_UpdateOscConfig
                0x000016a8       0x14 build/em_emu.o
                0x000016a8                EMU_UpdateOscConfig
 .text.SYSTEM_ChipRevisionGet
                0x000016bc       0x90 build/em_system.o
                0x000016bc                SYSTEM_ChipRevisionGet
 .text.LCD_Enable
                0x0000174c       0x34 build/em_lcd.o
 .text.BUS_RegBitWrite
                0x00001780       0x24 build/em_lcd.o
 .text.LCD_Init
                0x000017a4       0x88 build/em_lcd.o
                0x000017a4                LCD_Init
 .text.LCD_VLCDSelect
                0x0000182c       0x3c build/em_lcd.o
                0x0000182c                LCD_VLCDSelect
 .text.LCD_SegmentRangeEnable
                0x00001868       0x44 build/em_lcd.o
                0x00001868                LCD_SegmentRangeEnable
 .text.LCD_SegmentSet
                0x000018ac      0x214 build/em_lcd.o
                0x000018ac                LCD_SegmentSet
 .text.LCD_SegmentSetLow
                0x00001ac0      0x194 build/em_lcd.o
                0x00001ac0                LCD_SegmentSetLow
 .text.LCD_SegmentSetHigh
                0x00001c54      0x18c build/em_lcd.o
                0x00001c54                LCD_SegmentSetHigh
 .text.LCD_VBoostSet
                0x00001de0       0x20 build/em_lcd.o
                0x00001de0                LCD_VBoostSet
 .text.NVIC_EnableIRQ
                0x00001e00       0x2c build/init.o
 .text.CHIP_Init
                0x00001e2c       0x44 build/init.o
 .text.lcd_write
                0x00001e70       0x14 build/init.o
                0x00001e70                lcd_write
 .text.init     0x00001e84       0x28 build/init.o
                0x00001e84                init
 .text          0x00001eac       0x30 build/startup_efm32gg.o
                0x00001eac                Reset_Handler
                0x00001ed8                DebugMon_Handler
                0x00001ed8                USART0_TX_IRQHandler
                0x00001ed8                I2C0_IRQHandler
                0x00001ed8                HardFault_Handler
                0x00001ed8                LEUART1_IRQHandler
                0x00001ed8                USART1_RX_IRQHandler
                0x00001ed8                PendSV_Handler
                0x00001ed8                NMI_Handler
                0x00001ed8                I2C1_IRQHandler
                0x00001ed8                TIMER3_IRQHandler
                0x00001ed8                USART1_TX_IRQHandler
                0x00001ed8                MSC_IRQHandler
                0x00001ed8                ADC0_IRQHandler
                0x00001ed8                UsageFault_Handler
                0x00001ed8                LEUART0_IRQHandler
                0x00001ed8                UART0_TX_IRQHandler
                0x00001ed8                UART1_TX_IRQHandler
                0x00001ed8                RTC_IRQHandler
                0x00001ed8                TIMER0_IRQHandler
                0x00001ed8                TIMER2_IRQHandler
                0x00001ed8                LCD_IRQHandler
                0x00001ed8                PCNT2_IRQHandler
                0x00001ed8                UART0_RX_IRQHandler
                0x00001ed8                LETIMER0_IRQHandler
                0x00001ed8                TIMER1_IRQHandler
                0x00001ed8                USART2_RX_IRQHandler
                0x00001ed8                Default_Handler
                0x00001ed8                EMU_IRQHandler
                0x00001ed8                PCNT0_IRQHandler
                0x00001ed8                USB_IRQHandler
                0x00001ed8                BURTC_IRQHandler
                0x00001ed8                PCNT1_IRQHandler
                0x00001ed8                ACMP0_IRQHandler
                0x00001ed8                USART0_RX_IRQHandler
                0x00001ed8                MemManage_Handler
                0x00001ed8                SVC_Handler
                0x00001ed8                DAC0_IRQHandler
                0x00001ed8                UART1_RX_IRQHandler
                0x00001ed8                CMU_IRQHandler
                0x00001ed8                EBI_IRQHandler
                0x00001ed8                LESENSE_IRQHandler
                0x00001ed8                AES_IRQHandler
                0x00001ed8                VCMP_IRQHandler
                0x00001ed8                DMA_IRQHandler
                0x00001ed8                BusFault_Handler
                0x00001ed8                USART2_TX_IRQHandler
 .text.int_to_string
                0x00001edc       0x62 build/o3.o
                0x00001edc                int_to_string
 .text.time_to_string
                0x00001f3e       0x68 build/o3.o
                0x00001f3e                time_to_string
 *fill*         0x00001fa6        0x2 
 .text.initialize_LED
                0x00001fa8       0x44 build/o3.o
                0x00001fa8                initialize_LED
 .text.turn_on_LED
                0x00001fec       0x1c build/o3.o
                0x00001fec                turn_on_LED
 .text.turn_off_LED
                0x00002008       0x1c build/o3.o
                0x00002008                turn_off_LED
 .text.initialize_Buttons
                0x00002024       0xcc build/o3.o
                0x00002024                initialize_Buttons
 .text.initialize_SysTick
                0x000020f0       0x2c build/o3.o
                0x000020f0                initialize_SysTick
 .text.SysTick_Handler
                0x0000211c       0xc8 build/o3.o
                0x0000211c                SysTick_Handler
 .text.GPIO_ODD_IRQHandler
                0x000021e4      0x134 build/o3.o
                0x000021e4                GPIO_ODD_IRQHandler
 .text.GPIO_EVEN_IRQHandler
                0x00002318       0x88 build/o3.o
                0x00002318                GPIO_EVEN_IRQHandler
 .text.main     0x000023a0       0x2c build/o3.o
                0x000023a0                main
 .text.exit     0x000023cc       0x28 c:/siliconlabs/simplicitystudio/v4/developer/toolchains/gnu_arm/7.2_2017q4/bin/../lib/gcc/arm-none-eabi/7.2.1/../../../../arm-none-eabi/lib/thumb/v7-m\libc_nano.a(lib_a-exit.o)
                0x000023cc                exit
 .text.__libc_init_array
                0x000023f4       0x48 c:/siliconlabs/simplicitystudio/v4/developer/toolchains/gnu_arm/7.2_2017q4/bin/../lib/gcc/arm-none-eabi/7.2.1/../../../../arm-none-eabi/lib/thumb/v7-m\libc_nano.a(lib_a-init.o)
                0x000023f4                __libc_init_array
 .text.memset   0x0000243c       0x10 c:/siliconlabs/simplicitystudio/v4/developer/toolchains/gnu_arm/7.2_2017q4/bin/../lib/gcc/arm-none-eabi/7.2.1/../../../../arm-none-eabi/lib/thumb/v7-m\libc_nano.a(lib_a-memset.o)
                0x0000243c                memset
 .text          0x0000244c       0x10 c:/siliconlabs/simplicitystudio/v4/developer/toolchains/gnu_arm/7.2_2017q4/bin/../lib/gcc/arm-none-eabi/7.2.1/../../../../arm-none-eabi/lib/thumb/v7-m\libc_nano.a(lib_a-strlen.o)
                0x0000244c                strlen
 .text._exit    0x0000245c        0x4 c:/siliconlabs/simplicitystudio/v4/developer/toolchains/gnu_arm/7.2_2017q4/bin/../lib/gcc/arm-none-eabi/7.2.1/../../../../arm-none-eabi/lib/thumb/v7-m\libnosys.a(_exit.o)
                0x0000245c                _exit
 *(.init)
 .init          0x00002460        0x4 c:/siliconlabs/simplicitystudio/v4/developer/toolchains/gnu_arm/7.2_2017q4/bin/../lib/gcc/arm-none-eabi/7.2.1/thumb/v7-m/crti.o
                0x00002460                _init
 .init          0x00002464        0x8 c:/siliconlabs/simplicitystudio/v4/developer/toolchains/gnu_arm/7.2_2017q4/bin/../lib/gcc/arm-none-eabi/7.2.1/thumb/v7-m/crtn.o
 *(.fini)
 .fini          0x0000246c        0x4 c:/siliconlabs/simplicitystudio/v4/developer/toolchains/gnu_arm/7.2_2017q4/bin/../lib/gcc/arm-none-eabi/7.2.1/thumb/v7-m/crti.o
                0x0000246c                _fini
 .fini          0x00002470        0x8 c:/siliconlabs/simplicitystudio/v4/developer/toolchains/gnu_arm/7.2_2017q4/bin/../lib/gcc/arm-none-eabi/7.2.1/thumb/v7-m/crtn.o
 *crtbegin.o(.ctors)
 *crtbegin?.o(.ctors)
 *(EXCLUDE_FILE(*crtend.o *crtend?.o) .ctors)
 *(SORT_BY_NAME(.ctors.*))
 *(.ctors)
 *crtbegin.o(.dtors)
 *crtbegin?.o(.dtors)
 *(EXCLUDE_FILE(*crtend.o *crtend?.o) .dtors)
 *(SORT_BY_NAME(.dtors.*))
 *(.dtors)
 *(.rodata*)
 .rodata.EFM_Display
                0x00002478      0x1fe build/segmentlcd.o
 *fill*         0x00002676        0x2 
 .rodata.EFM_Alphabet
                0x00002678       0xb8 build/segmentlcd.o
 .rodata.lcdInit
                0x00002730       0x14 build/segmentlcd.o
 .rodata        0x00002744       0x3d build/em_cmu.o
 *fill*         0x00002781        0x3 
 .rodata        0x00002784       0x20 build/em_system.o
 .rodata        0x000027a4       0x1d build/em_lcd.o
 *fill*         0x000027c1        0x3 
 .rodata._global_impure_ptr
                0x000027c4        0x4 c:/siliconlabs/simplicitystudio/v4/developer/toolchains/gnu_arm/7.2_2017q4/bin/../lib/gcc/arm-none-eabi/7.2.1/../../../../arm-none-eabi/lib/thumb/v7-m\libc_nano.a(lib_a-impure.o)
                0x000027c4                _global_impure_ptr
 *(.eh_frame*)
 .eh_frame      0x000027c8        0x0 c:/siliconlabs/simplicitystudio/v4/developer/toolchains/gnu_arm/7.2_2017q4/bin/../lib/gcc/arm-none-eabi/7.2.1/thumb/v7-m/crtbegin.o
 .eh_frame      0x000027c8        0x4 c:/siliconlabs/simplicitystudio/v4/developer/toolchains/gnu_arm/7.2_2017q4/bin/../lib/gcc/arm-none-eabi/7.2.1/thumb/v7-m/crtend.o

.glue_7         0x000027cc        0x0
 .glue_7        0x000027cc        0x0 linker stubs

.glue_7t        0x000027cc        0x0
 .glue_7t       0x000027cc        0x0 linker stubs

.vfp11_veneer   0x000027cc        0x0
 .vfp11_veneer  0x000027cc        0x0 linker stubs

.v4_bx          0x000027cc        0x0
 .v4_bx         0x000027cc        0x0 linker stubs

.iplt           0x000027cc        0x0
 .iplt          0x000027cc        0x0 c:/siliconlabs/simplicitystudio/v4/developer/toolchains/gnu_arm/7.2_2017q4/bin/../lib/gcc/arm-none-eabi/7.2.1/thumb/v7-m/crtbegin.o

.ARM.extab
 *(.ARM.extab* .gnu.linkonce.armextab.*)
                0x000027cc                __exidx_start = .

.ARM.exidx      0x000027cc        0x8
 *(.ARM.exidx* .gnu.linkonce.armexidx.*)
 .ARM.exidx     0x000027cc        0x8 c:/siliconlabs/simplicitystudio/v4/developer/toolchains/gnu_arm/7.2_2017q4/bin/../lib/gcc/arm-none-eabi/7.2.1/../../../../arm-none-eabi/lib/thumb/v7-m/crt0.o
                0x000027d4                __exidx_end = .
                0x000027d4                __etext = .

.rel.dyn        0x000027d4        0x0
 .rel.iplt      0x000027d4        0x0 c:/siliconlabs/simplicitystudio/v4/developer/toolchains/gnu_arm/7.2_2017q4/bin/../lib/gcc/arm-none-eabi/7.2.1/thumb/v7-m/crtbegin.o

.data           0x20000000       0x78 load address 0x000027d4
                0x20000000                __data_start__ = .
 *(vtable)
 *(.data*)
 .data.SystemHFXOClock
                0x20000000        0x4 build/system_efm32gg.o
 .data.SystemLFXOClock
                0x20000004        0x4 build/system_efm32gg.o
 .data.gpio_base_address
                0x20000008        0x4 build/o3.o
                0x20000008                gpio_base_address
 .data.systick_base_address
                0x2000000c        0x4 build/o3.o
                0x2000000c                systick_base_address
 .data.impure_data
                0x20000010       0x60 c:/siliconlabs/simplicitystudio/v4/developer/toolchains/gnu_arm/7.2_2017q4/bin/../lib/gcc/arm-none-eabi/7.2.1/../../../../arm-none-eabi/lib/thumb/v7-m\libc_nano.a(lib_a-impure.o)
                0x20000070                . = ALIGN (0x4)
 *(.ram)
                0x20000070                . = ALIGN (0x4)
                0x20000070                PROVIDE (__preinit_array_start, .)
 *(.preinit_array)
                0x20000070                PROVIDE (__preinit_array_end, .)
                0x20000070                . = ALIGN (0x4)
                0x20000070                PROVIDE (__init_array_start, .)
 *(SORT_BY_NAME(.init_array.*))
 *(.init_array)
 .init_array    0x20000070        0x4 c:/siliconlabs/simplicitystudio/v4/developer/toolchains/gnu_arm/7.2_2017q4/bin/../lib/gcc/arm-none-eabi/7.2.1/thumb/v7-m/crtbegin.o
                0x20000074                PROVIDE (__init_array_end, .)
                0x20000074                . = ALIGN (0x4)
                [!provide]                PROVIDE (__fini_array_start, .)
 *(SORT_BY_NAME(.fini_array.*))
 *(.fini_array)
 .fini_array    0x20000074        0x4 c:/siliconlabs/simplicitystudio/v4/developer/toolchains/gnu_arm/7.2_2017q4/bin/../lib/gcc/arm-none-eabi/7.2.1/thumb/v7-m/crtbegin.o
                [!provide]                PROVIDE (__fini_array_end, .)
 *(.jcr*)
                0x20000078                . = ALIGN (0x4)
                0x20000078                __data_end__ = .

.igot.plt       0x20000078        0x0 load address 0x0000284c
 .igot.plt      0x20000078        0x0 c:/siliconlabs/simplicitystudio/v4/developer/toolchains/gnu_arm/7.2_2017q4/bin/../lib/gcc/arm-none-eabi/7.2.1/thumb/v7-m/crtbegin.o

.bss            0x20000078       0x3c load address 0x0000284c
                0x20000078                . = ALIGN (0x4)
                0x20000078                __bss_start__ = .
 *(.bss*)
 .bss           0x20000078       0x1c c:/siliconlabs/simplicitystudio/v4/developer/toolchains/gnu_arm/7.2_2017q4/bin/../lib/gcc/arm-none-eabi/7.2.1/thumb/v7-m/crtbegin.o
 .bss.cmuStatus
                0x20000094        0x4 build/em_emu.o
 .bss.currentState
                0x20000098        0x4 build/o3.o
                0x20000098                currentState
 *(COMMON)
 COMMON         0x2000009c        0x4 build/system_efm32gg.o
                0x2000009c                SystemCoreClock
 COMMON         0x200000a0       0x12 build/o3.o
                0x200000a0                seconds
                0x200000a4                minutes
                0x200000a8                hours
                0x200000ac                currentTime
                0x200000b4                . = ALIGN (0x4)
 *fill*         0x200000b2        0x2 
                0x200000b4                __bss_end__ = .

.heap           0x200000b8      0xc00
                0x200000b8                __HeapBase = .
                0x200000b8                __end__ = .
                0x200000b8                end = __end__
                0x200000b8                _end = __end__
 *(.heap*)
 .heap          0x200000b8      0xc00 build/startup_efm32gg.o
                0x20000cb8                __HeapLimit = .

.stack_dummy    0x200000b8      0x400
 *(.stack*)
 .stack         0x200000b8      0x400 build/startup_efm32gg.o
                0x20020000                __StackTop = (ORIGIN (RAM) + LENGTH (RAM))
                0x2001fc00                __StackLimit = (__StackTop - SIZEOF (.stack_dummy))
                0x20020000                PROVIDE (__stack, __StackTop)
                0x00000001                ASSERT ((__StackLimit >= __HeapLimit), region RAM overflowed with stack)
                0x00000001                ASSERT ((LENGTH (FLASH) >= (__etext + SIZEOF (.data))), FLASH memory overflowed !)
OUTPUT(exe/o3.out elf32-littlearm)

.ARM.attributes
                0x00000000       0x29
 .ARM.attributes
                0x00000000       0x1d c:/siliconlabs/simplicitystudio/v4/developer/toolchains/gnu_arm/7.2_2017q4/bin/../lib/gcc/arm-none-eabi/7.2.1/thumb/v7-m/crti.o
 .ARM.attributes
                0x0000001d       0x2d c:/siliconlabs/simplicitystudio/v4/developer/toolchains/gnu_arm/7.2_2017q4/bin/../lib/gcc/arm-none-eabi/7.2.1/thumb/v7-m/crtbegin.o
 .ARM.attributes
                0x0000004a       0x1b c:/siliconlabs/simplicitystudio/v4/developer/toolchains/gnu_arm/7.2_2017q4/bin/../lib/gcc/arm-none-eabi/7.2.1/../../../../arm-none-eabi/lib/thumb/v7-m/crt0.o
 .ARM.attributes
                0x00000065       0x33 build/system_efm32gg.o
 .ARM.attributes
                0x00000098       0x33 build/segmentlcd.o
 .ARM.attributes
                0x000000cb       0x33 build/em_assert.o
 .ARM.attributes
                0x000000fe       0x33 build/em_cmu.o
 .ARM.attributes
                0x00000131       0x33 build/em_emu.o
 .ARM.attributes
                0x00000164       0x33 build/em_system.o
 .ARM.attributes
                0x00000197       0x33 build/em_lcd.o
 .ARM.attributes
                0x000001ca       0x33 build/init.o
 .ARM.attributes
                0x000001fd       0x1b build/startup_efm32gg.o
 .ARM.attributes
                0x00000218       0x33 build/o3.o
 .ARM.attributes
                0x0000024b       0x2d c:/siliconlabs/simplicitystudio/v4/developer/toolchains/gnu_arm/7.2_2017q4/bin/../lib/gcc/arm-none-eabi/7.2.1/../../../../arm-none-eabi/lib/thumb/v7-m\libc_nano.a(lib_a-exit.o)
 .ARM.attributes
                0x00000278       0x2d c:/siliconlabs/simplicitystudio/v4/developer/toolchains/gnu_arm/7.2_2017q4/bin/../lib/gcc/arm-none-eabi/7.2.1/../../../../arm-none-eabi/lib/thumb/v7-m\libc_nano.a(lib_a-impure.o)
 .ARM.attributes
                0x000002a5       0x2d c:/siliconlabs/simplicitystudio/v4/developer/toolchains/gnu_arm/7.2_2017q4/bin/../lib/gcc/arm-none-eabi/7.2.1/../../../../arm-none-eabi/lib/thumb/v7-m\libc_nano.a(lib_a-init.o)
 .ARM.attributes
                0x000002d2       0x2d c:/siliconlabs/simplicitystudio/v4/developer/toolchains/gnu_arm/7.2_2017q4/bin/../lib/gcc/arm-none-eabi/7.2.1/../../../../arm-none-eabi/lib/thumb/v7-m\libc_nano.a(lib_a-memset.o)
 .ARM.attributes
                0x000002ff       0x17 c:/siliconlabs/simplicitystudio/v4/developer/toolchains/gnu_arm/7.2_2017q4/bin/../lib/gcc/arm-none-eabi/7.2.1/../../../../arm-none-eabi/lib/thumb/v7-m\libc_nano.a(lib_a-strlen.o)
 .ARM.attributes
                0x00000316       0x2d c:/siliconlabs/simplicitystudio/v4/developer/toolchains/gnu_arm/7.2_2017q4/bin/../lib/gcc/arm-none-eabi/7.2.1/../../../../arm-none-eabi/lib/thumb/v7-m\libnosys.a(_exit.o)
 .ARM.attributes
                0x00000343       0x2d c:/siliconlabs/simplicitystudio/v4/developer/toolchains/gnu_arm/7.2_2017q4/bin/../lib/gcc/arm-none-eabi/7.2.1/thumb/v7-m/crtend.o
 .ARM.attributes
                0x00000370       0x1d c:/siliconlabs/simplicitystudio/v4/developer/toolchains/gnu_arm/7.2_2017q4/bin/../lib/gcc/arm-none-eabi/7.2.1/thumb/v7-m/crtn.o

.comment        0x00000000       0x7e
 .comment       0x00000000       0x7e build/system_efm32gg.o
                                 0x7f (size before relaxing)
 .comment       0x0000007e       0x7f build/segmentlcd.o
 .comment       0x0000007e       0x7f build/em_assert.o
 .comment       0x0000007e       0x7f build/em_cmu.o
 .comment       0x0000007e       0x7f build/em_emu.o
 .comment       0x0000007e       0x7f build/em_system.o
 .comment       0x0000007e       0x7f build/em_lcd.o
 .comment       0x0000007e       0x7f build/init.o
 .comment       0x0000007e       0x7f build/o3.o

.debug_info     0x00000000      0x522
 .debug_info    0x00000000      0x522 build/o3.o

.debug_abbrev   0x00000000      0x186
 .debug_abbrev  0x00000000      0x186 build/o3.o

.debug_aranges  0x00000000       0x70
 .debug_aranges
                0x00000000       0x70 build/o3.o

.debug_ranges   0x00000000       0x60
 .debug_ranges  0x00000000       0x60 build/o3.o

.debug_macro    0x00000000      0xf9e
 .debug_macro   0x00000000       0x88 build/o3.o
 .debug_macro   0x00000088      0xa5a build/o3.o
 .debug_macro   0x00000ae2       0x22 build/o3.o
 .debug_macro   0x00000b04       0x87 build/o3.o
 .debug_macro   0x00000b8b       0x51 build/o3.o
 .debug_macro   0x00000bdc       0xef build/o3.o
 .debug_macro   0x00000ccb       0x6a build/o3.o
 .debug_macro   0x00000d35      0x1df build/o3.o
 .debug_macro   0x00000f14       0x22 build/o3.o
 .debug_macro   0x00000f36       0x40 build/o3.o
 .debug_macro   0x00000f76       0x28 build/o3.o

.debug_line     0x00000000      0x39e
 .debug_line    0x00000000      0x39e build/o3.o

.debug_str      0x00000000     0x3e25
 .debug_str     0x00000000     0x3e25 build/o3.o
                               0x3f89 (size before relaxing)

.debug_frame    0x00000000      0x1b0
 .debug_frame   0x00000000      0x11c build/o3.o
 .debug_frame   0x0000011c       0x28 c:/siliconlabs/simplicitystudio/v4/developer/toolchains/gnu_arm/7.2_2017q4/bin/../lib/gcc/arm-none-eabi/7.2.1/../../../../arm-none-eabi/lib/thumb/v7-m\libc_nano.a(lib_a-exit.o)
 .debug_frame   0x00000144       0x2c c:/siliconlabs/simplicitystudio/v4/developer/toolchains/gnu_arm/7.2_2017q4/bin/../lib/gcc/arm-none-eabi/7.2.1/../../../../arm-none-eabi/lib/thumb/v7-m\libc_nano.a(lib_a-init.o)
 .debug_frame   0x00000170       0x20 c:/siliconlabs/simplicitystudio/v4/developer/toolchains/gnu_arm/7.2_2017q4/bin/../lib/gcc/arm-none-eabi/7.2.1/../../../../arm-none-eabi/lib/thumb/v7-m\libc_nano.a(lib_a-memset.o)
 .debug_frame   0x00000190       0x20 c:/siliconlabs/simplicitystudio/v4/developer/toolchains/gnu_arm/7.2_2017q4/bin/../lib/gcc/arm-none-eabi/7.2.1/../../../../arm-none-eabi/lib/thumb/v7-m\libnosys.a(_exit.o)
